[www.district.in/movies/index.html]
[b.zmtcdn.com/data/o2_assets/c14de0ff254f0cac2316900cbeb5ca4e1742906714.png]
[b.zmtcdn.com/data/o2_assets/21ebc1fe6df75df6159d00e9ab651d681742906748.png]
[cdn.district.in/movies-assets/images/cinema/Krishnavataram-93c57b90-3bad-11f1-9fb0-c3228bcca857.jpg]
[cdn.district.in/movies-assets/images/cinema/Bhooth-235a2dc0-3706-11f1-9c5b-6bf254b5f8b5.jpg]
[cdn.district.in/movies-assets/images/cinema/IIZ-73106f10-4d08-11f1-96f1-15b91b0f2e6a.jpg]
[cdn.district.in/movies-assets/images/cinema/Daadi-Ki-Shaadi_Poster-c46a8f50-44a0-11f1-bbe4-a32450b7bfa0.jpg]
[cdn.district.in/movies-assets/images/cinema/Michael_Poster-8984d010-e930-11f0-b686-71dee96605ca.jpg]
[cdn.district.in/movies-assets/images/cinema/DD-81414590-1d25-11f1-a5a3-f5a3fd184c9a.jpg]
[cdn.district.in/district-web/_next/static/chunks/9a3b740908d9cfa2.css]
[cdn.district.in/district-web/_next/static/chunks/e7fd88a547dcc4e2.css]
[cdn.district.in/district-web/_next/static/chunks/e61fb37159a0a265.css]
[cdn.district.in/district-web/_next/static/chunks/0e305745585b033f.js]
[cdn.district.in/district-web/_next/static/chunks/cd3dac7014b03b69.js]
[cdn.district.in/district-web/_next/static/chunks/934b409183045943.js]
[cdn.district.in/district-web/_next/static/chunks/e931a689bf27045f.js]
[cdn.district.in/district-web/_next/static/chunks/7b32bba2714522ef.js]
[cdn.district.in/district-web/_next/static/chunks/turbopack-a5b55adb390d6009.js]
[cdn.district.in/district-web/_next/static/chunks/1d8242edcb6f33ae.js]
[cdn.district.in/district-web/_next/static/chunks/da17ef82be754db6.js]
[cdn.district.in/district-web/_next/static/chunks/0d129f6036e76944.js]
[cdn.district.in/district-web/_next/static/chunks/64bd489f659b4b5f.js]
[cdn.district.in/district-web/_next/static/chunks/8d3b12d9cbdee4a5.js]
[cdn.district.in/district-web/_next/static/chunks/60880417f0f7a1f3.js]
[cdn.district.in/district-web/_next/static/chunks/451ef5bae5f494a2.js]
[cdn.district.in/district-web/_next/static/chunks/e15e8d6d0a7f5d6c.js]
[cdn.district.in/district-web/_next/static/chunks/6cd84f78c7193fd8.js]
[cdn.district.in/district-web/_next/static/chunks/c11a64f518a9ace5.js]
[cdn.district.in/district-web/_next/static/chunks/c6e99fc404b8cccf.js]
[cdn.district.in/district-web/_next/static/chunks/b5e645cabdda2b2a.js]
[cdn.district.in/district-web/_next/static/chunks/2c4385746833924a.js]
[cdn.district.in/district-web/_next/static/chunks/5b80e57ad246537a.js]
[b.zmtcdn.com/data/edition_assets/177580259488010.jpg]
[b.zmtcdn.com/data/edition_assets/177580259610011.jpg]
[b.zmtcdn.com/data/edition_assets/177580259699712.jpg]
[b.zmtcdn.com/data/edition_assets/17758023666466.jpg]
[b.zmtcdn.com/data/edition_assets/17758023372964.jpg]
[backblue.gif]
[fade.gif]
[index.html]
[cdn.district.in/district-web/_next/static/chunks/a6dad97d9634a72d.js]
[www.district.in/movies/ak.m]
[www.district.in/movies/ak.t]
[www.district.in/movies/krishnavataram-part-1-the-heart-hridayam-movie-tickets-in-gurgaon-MV219513.html]
[www.district.in/movies/bhooth-bangla-movie-tickets-in-gurgaon-MV177766.html]
[www.district.in/movies/iiz-indian-institute-of-zombies-movie-tickets-in-gurgaon-MV219534.html]
[www.district.in/movies/daadi-ki-shaadi-movie-tickets-in-gurgaon-MV217282.html]
[www.district.in/movies/michael-movie-tickets-in-gurgaon-MV185320.html]
[www.district.in/movies/dhurandhar-the-revenge-movie-tickets-in-gurgaon-MV211577.html]
[www.district.in/movies/pati-patni-aur-woh-do-movie-tickets-MV186836.html]
[www.district.in/movies/karuppu-movie-tickets-MV200421.html]
[www.district.in/movies/athiradi-movie-tickets-MV208195.html]
[www.district.in/movies/hokum-movie-tickets-MV217349.html]
[b.zmtcdn.com/data/o2_assets/7578f6353195a792b3526f691287be4a1742904947.png]
[b.zmtcdn.com/data/o2_assets/fb7a705e0ecb73494655f6a082a898be1742905087.png]
[b.zmtcdn.com/data/o2_assets/9875b1e59bd4c4cc35068c9ff48962de1742906588.png]
[b.zmtcdn.com/data/edition_assets/17520607380912.png]
[connect.facebook.net/en_US/fbevents.js]
[b.zmtcdn.com/data/edition_assets/17520609980574.png]
[cdn.district.in/movies-assets/images/cinema/Krishnavataram-Part-1_Spotlight-Poster-7ccaff90-3988-11f1-840e-63804c65ce25.png]
[b.zmtcdn.com/data/edition_assets/17733016673802.png]
[cdn.district.in/movies-assets/images/cinema/IIZ_Spotlight-Poster-4de9b510-3fad-11f1-9464-dfcf31194b51.png]
[cdn.district.in/movies-assets/images/cinema/Daadi-Ki-Shaadi_Spotlight-Poster-71a63d60-3572-11f1-a05c-1f47ca0d3974.png]
[b.zmtcdn.com/data/edition_assets/17706406185274.png]
[b.zmtcdn.com/data/edition_assets/17732309725094.png]
[cdn.district.in/movies-assets/images/cinema/pati-patni-7cc13eb0-4dd8-11f1-8e7f-fbb23a16ea96-1517aaa0-4de8-11f1-96bf-fb1ba5d54451.jpg]
[cdn.district.in/movies-assets/images/cinema/Pati-Patni-aur-wo-do_Cover-f1024340-3c9f-11f1-840e-63804c65ce25.jpg]
[cdn.district.in/movies-assets/images/cinema/patni-95031d40-4dd8-11f1-8e7f-fbb23a16ea96.png]
[cdn.district.in/movies-assets/images/cinema/Karuppu-1d0a67f0-4854-11f1-aa5f-7174a7d9c3c2.jpg]
[cdn.district.in/movies-assets/images/cinema/Karuppu-cover--3e431ab0-13cb-11f1-8c32-a5338e06444d-ce57e3a0-4c7f-11f1-ab00-2bad8ba2a996.jpg]
[cdn.district.in/movies-assets/images/cinema/Karuppu-fe495610-37ea-11f1-840e-63804c65ce25.png]
[cdn.district.in/movies-assets/images/cinema/Athiradi_Poster-2e236df0-36f4-11f1-ad5d-df8c1aec5c9a-3cf0b920-4cfa-11f1-8799-755d749806ee.jpg]
[cdn.district.in/movies-assets/images/cinema/Athiradi_Cover-4397fbb0-36f4-11f1-ad5d-df8c1aec5c9a-8ad1db40-4e82-11f1-a819-ad9fe44da38d.jpg]
[cdn.district.in/movies-assets/images/cinema/Athiradi_Spotlight-Poster-3c60c110-36f4-11f1-ad5d-df8c1aec5c9a.png]
[cdn.district.in/movies-assets/images/cinema/Hokum-a7fa72e0-34a6-11f1-9878-85a358c9e1d1.jpg]
[cdn.district.in/movies-assets/images/cinema/Hokum_Cover-b264bd80-251a-11f1-84d7-5d4f64b77d44.jpg]
[b.zmtcdn.com/data/edition_assets/17749630339414.png]
[cdn.district.in/movies-assets/images/cinema/Shera-(1)-4e548d90-4e8f-11f1-a819-ad9fe44da38d-94676fe0-4e90-11f1-ac8d-558f29195d46.jpg]
[cdn.district.in/movies-assets/images/cinema/Shera-hori-14511fc0-4dbb-11f1-9d00-63097e6b54f9.jpg]
[cdn.district.in/movies-assets/images/cinema/shera-e6e502e0-4dba-11f1-9d00-63097e6b54f9.png]
[cdn.district.in/movies-assets/images/cinema/Aakhri-Sawal-3f679650-4e8b-11f1-a159-e50fa8a292c7.jpg]
[cdn.district.in/movies-assets/images/cinema/Aakhri-Sawal_Cover-383d3550-2ec0-11f1-9c6b-6ff9cb3f6914-5363c1f0-4ac7-11f1-ab00-2bad8ba2a996.jpg]
[cdn.district.in/movies-assets/images/cinema/Aakhri Sawal-273bfad0-34a0-11f1-a05c-1f47ca0d3974.png]
[cdn.district.in/movies-assets/images/cinema/Iron-Maiden_Poster-c7ef7aa0-4a22-11f1-83fe-4119b4c0bada.jpg]
[cdn.district.in/movies-assets/images/cinema/Iron-Maiden_Cover-e6ab3070-370c-11f1-840e-63804c65ce25.jpg]
[cdn.district.in/movies-assets/images/cinema/Iron-Maiden_Spotlight-Poster-b43bfe60-3709-11f1-840e-63804c65ce25.png]
[cdn.district.in/movies-assets/images/cinema/Saptadingar-Guptodhon_bengali_Poster-f2c75390-4dfd-11f1-b216-09d07daaba80.jpg]
[cdn.district.in/movies-assets/images/cinema/Saptadingar-Guptodhon_bengali_Cover-f7575420-4aa9-11f1-ab00-2bad8ba2a996.jpg]
[cdn.district.in/movies-assets/images/cinema/Saptadingar-Guptodhon_bengali_Spotlight-Poster-c2b5aa50-4aa9-11f1-ab00-2bad8ba2a996.png]
[b.zmtcdn.com/data/o2_assets/a5ebb0e1246f72145c9a32e2a81597ea1721370325.png]
[b.zmtcdn.com/data/o2_assets/0726ea0917b439cb08010cd1cee7f8c81721370396.png]
[cdn.district.in/movies-assets/images/cinema/The-Devil-Wears-Prada-2_Poster-5b0750c0-1ec6-11f1-89a4-1dbb292c5cd4-ae8fa0d0-3fcd-11f1-afb5-fba0ff94902c.jpg]
[cdn.district.in/movies-assets/images/cinema/Devil-Wears-Prada-2_Cover-b8001450-3fa6-11f1-9464-dfcf31194b51.jpg]
[b.zmtcdn.com/data/edition_assets/17733973034012.png]
[cdn.district.in/movies-assets/images/cinema/Mortal-Kombat-II-dc3355e0-4888-11f1-ac31-7fbde960e80a.jpg]
[cdn.district.in/movies-assets/images/cinema/Mortal-Comabt-2_Cover-d844be20-632c-11f0-860b-0123967fd46d.jpg]
[cdn.district.in/movies-assets/images/cinema/Mortal Kombat II-ad6248e0-349f-11f1-a05c-1f47ca0d3974.png]
[cdn.district.in/movies-assets/images/cinema/Lee-Cronin_s-The-Mummy-poster-0f3f0260-395f-11f1-840e-63804c65ce25-b7754ee0-3963-11f1-ae06-5f593e6acdb8.jpg]
[b.zmtcdn.com/data/edition_assets/177373278112912.png]
[cdn.district.in/movies-assets/images/cinema/Billie-Eilish_Poster-399b8f70-4930-11f1-b222-d1e048585b81-7ef2fbb0-4dec-11f1-ae41-55553daedf33.jpg]
[cdn.district.in/movies-assets/images/cinema/Billie-Eilish---Hit-Me-Hard-and-Soft--The-Tour-(Live-in-3D)h-4883ceb0-38c0-11f1-840e-63804c65ce25.jpg]
[cdn.district.in/movies-assets/images/cinema/Billie-Eilish_2_Spotlight-Poster-f215ea10-3a16-11f1-840e-63804c65ce25.png]
[cdn.district.in/movies-assets/images/cinema/Raja-Shivaji-6393c530-0eee-11f1-be2f-4531116c6521-1a3b20d0-41fd-11f1-9b5f-2501d9c11f01.jpg]
[cdn.district.in/movies-assets/images/cinema/cover Raja-Shivaji-6629ec70-2d16-11f1-8877-69974d94c293.jpg]
[cdn.district.in/movies-assets/images/cinema/Raja-Shivaji-665e2070-3177-11f1-a005-63882a91c638.png]
[cdn.district.in/movies-assets/images/cinema/The-Sheep-Detective_Poster-16334a70-4b90-11f1-820f-6bdf11568134.jpg]
[cdn.district.in/movies-assets/images/cinema/THE-SHEEP-DETECTIVES-cover-d17a2030-ddbb-11f0-8c66-f7b05cedefda.jpg]
[b.zmtcdn.com/data/edition_assets/17733798224602.png]
[cdn.district.in/movies-assets/images/cinema/P Project-Hail-Mary-ac632240-77fb-11f0-bf18-ef07befd2b97.jpg]
[cdn.district.in/movies-assets/images/cinema/Project-Hail-Mary-78f9af70-0647-11f1-994d-a7619a2f78f3.jpg]
[b.zmtcdn.com/data/edition_assets/17706389534332.png]
[cdn.district.in/movies-assets/images/cinema/_licence-eaa41780-3952-11f1-b301-5b2bef9b5ea8.jpg]
[cdn.district.in/movies-assets/images/cinema/Licnce-cover-a981c7b0-38ef-11f1-840e-63804c65ce25.jpg]
[cdn.district.in/movies-assets/images/cinema/licence-f28780c0-3e6d-11f1-840e-63804c65ce25.png]
[cdn.district.in/movies-assets/images/cinema/ek-din-72476d30-f2c8-11f0-86e5-8d1b0376dd06-a62f6d00-2757-11f1-95f7-b5d47678c833.jpg]
[cdn.district.in/movies-assets/images/cinema/ek-din-cover (1)-a5396b30-f2c8-11f0-bf0f-2fcf28de3b2e.jpg]
[b.zmtcdn.com/data/edition_assets/17688111351102.png]
[cdn.district.in/movies-assets/images/cinema/Top-Gun--Maverick-67df5130-4e1e-11f1-ac29-a7c8b4c1ea1c.jpg]
[cdn.district.in/movies-assets/images/cinema/Top-Gun--Maverick-cover-df015a00-4e1a-11f1-8a3f-a93edd04d60f.jpg]
[cdn.district.in/movies-assets/images/cinema/Top Gun- Maverick spotlight-191f6480-4e1a-11f1-8a3f-a93edd04d60f.png]
[cdn.district.in/movies-assets/images/cinema/TOP-GUN_Poster-093e57c0-4009-11f1-8e6f-9bdeb6d36559.jpg]
[cdn.district.in/movies-assets/images/cinema/TOP-GUN_Cover-8af7cdb0-4e1d-11f1-8a3f-a93edd04d60f.jpg]
[cdn.district.in/movies-assets/images/cinema/TOP-GUN_Spotlight-Poster-ee3e1e10-406c-11f1-9464-dfcf31194b51.png]
[cdn.district.in/movies-assets/images/cinema/Jawaak_Poster-c40bf970-3269-11f1-a005-63882a91c638-417c2c60-49d3-11f1-ac9a-854882a57008.jpg]
[cdn.district.in/movies-assets/images/cinema/Jawak1 (1)-8af90cd0-3ee0-11f1-840e-63804c65ce25.jpg]
[cdn.district.in/movies-assets/images/cinema/Jawaak-2492c170-3ee0-11f1-840e-63804c65ce25.png]
[cdn.district.in/movies-assets/images/cinema/mai-actor-nhi-hu-149dcef0-2f58-11f1-abc6-fd2a785b2a06-37a998f0-35f4-11f1-83b1-1b5e9654785a.jpg]
[cdn.district.in/movies-assets/images/cinema/Psd-file-of-horizontal-poster-b7e9ca50-4321-11f1-ac3f-370be4dfc807.jpg]
[cdn.district.in/movies-assets/images/cinema/main actor nhai hu-f1f08ea0-4515-11f1-9e72-b3859bd2479f.png]
[cdn.district.in/movies-assets/images/cinema/Dev-D_Poster-ac930990-3a53-11f1-b24c-df1f38fa86e8.jpg]
[cdn.district.in/movies-assets/images/cinema/Dev-D_Cover-418ac030-4321-11f1-ac3f-370be4dfc807.jpg]
[cdn.district.in/movies-assets/images/cinema/Dev-D_Spotlight-Poster-da804720-374f-11f1-840e-63804c65ce25.png]
[cdn.district.in/movies-assets/images/cinema/Pitt-Siyapa_Poster-7d5f5cc0-3afb-11f1-840e-63804c65ce25-6a0e6660-447f-11f1-a758-0f7e038497b0.jpg]
[cdn.district.in/movies-assets/images/cinema/Pitt-Siyapa_Cover-ba6d8ce0-3afb-11f1-840e-63804c65ce25.jpg]
[cdn.district.in/movies-assets/images/cinema/Pitt-Siyapa_Spotlight-Poster-8382dd70-3afb-11f1-840e-63804c65ce25.png]
[cdn.district.in/movies-assets/images/cinema/Hoppers_Poster-93aa7130-9eb7-11f0-b04d-5570deda5500.jpg]
[cdn.district.in/movies-assets/images/cinema/Hoppers_Cover-0cd0a920-e4aa-11f0-b9cb-337502fba6e4.jpg]
[b.zmtcdn.com/data/edition_assets/17728668970522.png]
[cdn.district.in/movies-assets/images/cinema/Rabb-Da-Radio-3-fddb9730-2dc5-11f1-8e00-cfbeaa07a36d.jpg]
[cdn.district.in/movies-assets/images/cinema/Rabb-Da-Radio-3-cover-e497eb60-2385-11f1-a37b-276bcba870ff.jpg]
[b.zmtcdn.com/data/edition_assets/17743243751955.png]
[cdn.district.in/movies-assets/images/cinema/Zootopia-2--9aa43c80-c91b-11f0-93e8-ff3c1daa03c7-6927b5c0-c942-11f0-88c7-b7217b7a8728.jpg]
[cdn.district.in/movies-assets/images/cinema/HorizontalZootopia-2--88e2b0a0-361b-11f0-aa9f-8fefdb33bbbf.jpg]
[b.zmtcdn.com/data/edition_assets/176545434110246.png]
[cdn.district.in/movies-assets/images/cinema/Pati-Patni-Aur-Woh-(2019)_Poster-aef4d3d0-4e8a-11f1-9f6e-fb46fb6634e1.jpg]
[cdn.district.in/movies-assets/images/cinema/Pati-Patni-Aur-Woh-(2019)_Cover-9ad46460-4e8a-11f1-a819-ad9fe44da38d.jpg]
[cdn.district.in/movies-assets/images/cinema/Pati-Patni-Aur-Woh-(2019)_Spotlight_Poster-889d4e60-4e8a-11f1-a819-ad9fe44da38d.png]
[cdn.district.in/movies-assets/images/cinema/Dug-Dug-2a224690-4793-11f1-9506-c7d33fbad4b0.jpg]
[cdn.district.in/movies-assets/images/cinema/Dug-Dug-cover-c11dcb80-42c2-11f1-acec-091bca082e6b.jpg]
[cdn.district.in/movies-assets/images/cinema/dug-dug_Spotlight_Poster-1ec8c660-49ec-11f1-ab00-2bad8ba2a996.png]
[cdn.district.in/movies-assets/images/cinema/Patriot-96a0a520-3404-11f1-8a21-c7afd2a0e183-06e6f580-4212-11f1-8c2c-3fdee6b95601.jpg]
[cdn.district.in/movies-assets/images/cinema/PATRIOT-copy-2 (2)-f9dcb2a0-3404-11f1-9c5f-19dcbd5e4393.jpg]
[b.zmtcdn.com/data/edition_assets/177285030579958.png]
[cdn.district.in/movies-assets/images/cinema/Dacoit_Poster-649ec270-3312-11f1-b3d5-d331ad8039d4.jpg]
[cdn.district.in/movies-assets/images/cinema/Dacoit_Cover-aa34f190-301c-11f1-b354-05d4978a6101.jpg]
[b.zmtcdn.com/data/edition_assets/177314215826717.png]
[cdn.district.in/movies-assets/images/cinema/Mantra-Muugdha_Poster-fc4efaa0-3703-11f1-840e-63804c65ce25-2b834980-422a-11f1-83f7-3770f54a9ec1.jpg]
[cdn.district.in/movies-assets/images/cinema/mantra-d0976960-3e47-11f1-840e-63804c65ce25.jpg]
[cdn.district.in/movies-assets/images/cinema/Mantra-Muugdha_Spotlight-Poster-034115f0-3704-11f1-840e-63804c65ce25.png]
[cdn.district.in/movies-assets/images/cinema/portrait (20)-97115df0-2a64-11f1-a444-5502f378ea93.jpg]
[cdn.district.in/movies-assets/images/cinema/The-Super-Mario-Galaxy-Movie-2b5bdd80-1c9d-11f1-a1d3-479f920d2fad.jpg]
[b.zmtcdn.com/data/edition_assets/177276955345243.png]
[www.district.in/movies/index.html]
[cdn.district.in/district-web/_next/static/chunks/9a3b740908d9cfa2.css]
[cdn.district.in/district-web/_next/static/chunks/e7fd88a547dcc4e2.css]
[cdn.district.in/district-web/_next/static/chunks/e61fb37159a0a265.css]
[www.district.in/movies/ak.html]
[www.district.in/movies/ak-2.html]
[cdn.district.in/movies-web/_next/static/css/a341fe7779598d33.css]
[cdn.district.in/movies-web/_next/static/css/9825b2ed65e89027.css]
[cdn.district.in/movies-web/_next/static/css/62fde61de34c3f3f.css]
[cdn.district.in/movies-web/_next/static/css/56b1d6c51906b484.css]
[cdn.district.in/movies-web/_next/static/css/aa8c045b4202d821.css]
[cdn.district.in/movies-web/_next/static/css/7f1bac69c137431d.css]
[cdn.district.in/movies-web/_next/static/css/ce469ccc837aac0f.css]
[cdn.district.in/movies-web/_next/static/css/f989aba4f82839bd.css]
[cdn.district.in/movies-web/_next/static/chunks/polyfills-42372ed130431b0a.js]
[cdn.district.in/movies-web/_next/static/chunks/webpack-a84077ea211156b1.js]
[cdn.district.in/movies-web/_next/static/chunks/framework-6603b6fce1ea64cf.js]
[cdn.district.in/movies-web/_next/static/chunks/main-dc3dae42fbd52c97.js]
[cdn.district.in/movies-web/_next/static/chunks/datadog-21fe86607f5a4992.js]
[cdn.district.in/movies-web/_next/static/chunks/pages/_app-879612874b2a3d1b.js]
[cdn.district.in/movies-web/_next/static/chunks/3975-82058f6255d44b62.js]
[cdn.district.in/movies-web/_next/static/chunks/144-9824562d20524786.js]
[cdn.district.in/movies-web/_next/static/chunks/709-f78e627ff7e01d09.js]
[cdn.district.in/movies-web/_next/static/chunks/6077-79afbc396d4b75de.js]
[cdn.district.in/movies-web/_next/static/chunks/7361-1bcc79fc0e583529.js]
[cdn.district.in/movies-web/_next/static/chunks/3689-494349ffb7791496.js]
[cdn.district.in/movies-web/_next/static/chunks/9808-214d55f395030b30.js]
[cdn.district.in/movies-web/_next/static/chunks/4448-8fc07a4fc8c8a31e.js]
[cdn.district.in/movies-web/_next/static/chunks/7276-3baa4f1940e203bf.js]
[cdn.district.in/movies-web/_next/static/chunks/7505-49655a1975640336.js]
[cdn.district.in/movies-web/_next/static/chunks/2557-cab3c9ae5b0639be.js]
[cdn.district.in/movies-web/_next/static/chunks/6737-c8560df44f7a665c.js]
[cdn.district.in/movies-web/_next/static/chunks/4754-a8c350d955f73bcd.js]
[cdn.district.in/movies-web/_next/static/chunks/9529-a192c78315228209.js]
[cdn.district.in/movies-web/_next/static/chunks/4903-9129170d0cfacb46.js]
[cdn.district.in/movies-web/_next/static/chunks/4289-5248b6030e737438.js]
[cdn.district.in/movies-web/_next/static/chunks/8398-04a13ad4c3a3f49e.js]
[cdn.district.in/movies-web/_next/static/chunks/1549-f3ec8ea6b9df5134.js]
[cdn.district.in/movies-web/_next/static/chunks/pages/[slug]-e67fccffa7a3fd3a.js]
[cdn.district.in/movies-web/_next/static/cZ94yJ4eH6ljjG5Vgfbwv/_buildManifest.js]
[cdn.district.in/movies-web/_next/static/cZ94yJ4eH6ljjG5Vgfbwv/_ssgManifest.js]
[cdn.district.in/movies-assets/images/cinema/Cinepolis_Azul (1)-b6d2ffa0-3f9e-11f1-9437-5f0b1cf20e75cb2f.png]
[cdn.district.in/movies-assets/images/cinema/Devgan-3963d2e0-c052-11f0-acff-29311dc66d43[1]-1f91fc00-c1f3-11f0-93e5-a5a2af46a096cb2f.png]
[cdn.district.in/movies-assets/images/cinema/inox-circle 2-27a89af0-a41e-11ef-8d2a-13243c787688cb2f.png]
[cdn.district.in/movies-assets/images/cinema/Rajhans-Cinemas-Logo-2-500X500-6295ea80-afdd-11ef-86c3-e76b5990f01d[1]-8a0bbf30-cf59-11f0-8d5b-6ba64f8e7701[1]-2740aa10-22aa-11f1-b824-4f7f93f2e0abcb2f.png]
[cdn.district.in/movies-assets/images/cinema/PVR%20circle%20new-e63c67e0-a41d-11ef-8d2a-13243c787688[1]-64ef4c60-2042-11f0-a524-07b7a1c242efcb2f.png]
[cdn.district.in/movies-assets/images/cinema/Wave-logo-2fba9450-e7ad-11ef-92d2-15600bedb040cb2f.png]
[cdn.district.in/movies-assets/images/cinema/PVR circle new-e63c67e0-a41d-11ef-8d2a-13243c787688cb2f.png]
[cdn.district.in/movies-assets/images/cinema/Moivemaxx-500X500-bd71c030-a639-11ef-83c7-45b404db6ec5cb2f.png]
[cdn.district.in/movies-assets/images/cinema/PVR20new-e63c67e0-a41d-11ef-8d2a-13243c787688[1]-42e19030-c536-11f0-b7ff-d742284c89fc-6cf92350-244b-11f1-90b6-15c4c8afabcdcb2f.png]
[cdn.district.in/movies-assets/images/cinema/Pristine-fccd6e10-dc84-11ef-8051-f1d2444f0349cb2f.png]
[cdn.district.in/movies-assets/images/cinema/Devgan-3963d2e0-c052-11f0-acff-29311dc66d43[1]-49fcbfc0-c1f3-11f0-a554-45b41fe4e94ccb2f.png]
[cdn.district.in/movies-assets/images/cinema/Miraj-logo-7521ad90-7c51-11ed-bf27-a3e7fc56533ccb2f.png]
[cdn.district.in/movies-assets/images/cinema/movie-time-9ba9d450-6d13-11f0-b6bc-91b6fe081c38cb2f.png]
[cdn.district.in/movies-assets/images/cinema/M2Kc-2266c7b0-8fe4-11ed-bd95-b7350954b20c[1]-3a9ef980-a282-11ef-8d2a-13243c787688cb2f.png]
[www.district.in/movies/krishnavataram-part-1-the-heart-hridayam-movie-tickets-in-gurgaon-MV219513.html]
[cdn.district.in/movies-assets/images/cinema/movie-time-748f4270-6d12-11f0-b6bc-91b6fe081c38cb2f.png]
[cdn.district.in/movies-assets/images/cinema/RR-ff8b6450-f277-11ef-81a5-378ab06394d0cb2f.png]
[cdn.district.in/movies-assets/images/cinema/SN-Pride-Mall-Karimnagar_Cinema-Icon-bf83b350-ec7a-11f0-96f5-2d10e55a7d9f[1]-1f423ad0-26bb-11f1-a217-bf0f3157d12a-22e724f0-26d1-11f1-bdcb-490a6d2de3d0cb2f.png]
[cdn.district.in/movies-assets/images/cinema/KALA-LOGO-7ccb76e0-3791-11f0-aa9f-8fefdb33bbbfcb2f.png]
[cdn.district.in/movies-assets/images/cinema/Cineport-Cinema_Cinema-Icon-1cf39660-7a55-11f0-ba94-21e32c33647bcb2f.png]
[cdn.district.in/movies-assets/images/cinema/Miraj-logo-7521ad90-7c51-11ed-bf27-a3e7fc56533c[1]-d43c82e0-5242-11f0-9951-6bd98bb9c412-c814a5b0-5418-11f0-99a3-c3457ad87d57cb2f.png]
[cdn.district.in/movies-assets/images/cinema/Skylit-Cinema-5446bfb0-b6c5-11ef-bb75-015d8093c807cb2f.png]
[cdn.district.in/movies-assets/images/cinema/MAD--Cinemas-7e1c1a20-87c6-11ef-b30d-5d8b2ded08e1[1]-48a33970-0bb8-11f0-b154-7f3693ccb208cb2f.png]
[cdn.district.in/movies-assets/images/cinema/movie-time-748f4270-6d12-11f0-b6bc-91b6fe081c38[1]-b4312b00-2036-11f1-8db1-b5a45d0509c4[1]-f605b560-20fd-11f1-ad66-0b98dc4c6a8ccb2f.png]
[www.district.in/movies/bhooth-bangla-movie-tickets-in-gurgaon-MV177766.html]
[www.district.in/movies/iiz-indian-institute-of-zombies-movie-tickets-in-gurgaon-MV219534.html]
[cdn.district.in/movies-assets/images/cinema/Wave-logo-ec278940-8508-11ed-be6e-a3c16d070160[1]-6a2623a0-2657-11f0-b481-dde57c4cf630cb2f.png]
[www.district.in/movies/daadi-ki-shaadi-movie-tickets-in-gurgaon-MV217282.html]
[cdn.district.in/movies-assets/images/cinema/PVR%20circle%20new-e63c67e0-a41d-11ef-8d2a-13243c787688[1]-42e19030-c536-11f0-b7ff-d742284c89fccb2f.png]
[cdn.district.in/movies-assets/images/cinema/PVR%20circle%20new-e63c67e0-a41d-11ef-8d2a-13243c787688[1]-dabf6100-26a5-11f0-b426-a50671acfc24cb2f.png]
[cdn.district.in/movies-assets/images/cinema/Wave-logo-ec278940-8508-11ed-be6e-a3c16d070160[1]-a4dc7e50-b0a9-11ef-b13f-957784cd628fcb2f.png]
[cdn.district.in/movies-assets/images/cinema/Michael-2_Gallery-44c5af00-1ec6-11f1-8dbf-3532420ba149.jpg]
[cdn.district.in/movies-assets/images/cinema/Michael-3_Gallery-449bb8d0-1ec6-11f1-b1e4-55236d5eb3d5.jpg]
[www.district.in/movies/michael-movie-tickets-in-gurgaon-MV185320.html]
[www.district.in/movies/dhurandhar-the-revenge-movie-tickets-in-gurgaon-MV211577.html]
[www.district.in/movies/'data_image/svg+xml;utf8,_svg xmlns=_http_/www.w3.org/2000/svg_ width=_106_ height=_2_ viewBox=_0 0 106 2_ fill=_none___path d=_M0 1H95_ stroke=_url(#paint0_linear_7612_24184.html]
[cdn.district.in/movies-assets/images/cinema/pati-patni-aur-hori-67946850-4dd8-11f1-8e7f-fbb23a16ea967f4e.jpg]
[cdn.district.in/movies-assets/images/cinema/pati-patni-aur-hori-67946850-4dd8-11f1-8e7f-fbb23a16ea960124.jpg]
[cdn.district.in/movies-assets/images/cinema/pati-patni-7cc13eb0-4dd8-11f1-8e7f-fbb23a16ea96-1517aaa0-4de8-11f1-96bf-fb1ba5d54451bb36.jpg]
[cdn.district.in/movies-assets/images/cinema/Crew/ayushman-khurana80ed.jpg]
[cdn.district.in/movies-assets/images/cinema/sara-38ef9720-f3a6-11ed-b212-7bbea27a4ce980ed.jpg]
[cdn.district.in/movies-assets/images/cinema/Wamiqa-23bd0ef0-d65d-11ef-b0b4-a1004a37a2e880ed.jpg]
[cdn.district.in/movies-assets/images/cinema/Crew/rakul-preet-singh80ed.jpg]
[cdn.district.in/movies-assets/images/cinema/Vijay-Raaz-ab3a6740-ccf5-11ef-898e-a14010898a0880ed.jpg]
[cdn.district.in/movies-assets/images/cinema/tigmanshu-dhuli-b699c5f0-f440-11ef-81a5-378ab06394d080ed.jpg]
[cdn.district.in/movies-assets/images/cinema/Vishal-Vashishtha-faebaad0-e86e-11ef-92d2-15600bedb04080ed.jpg]
[cdn.district.in/movies-assets/images/cinema/Durgesh-Kumar-d950b9b0-b7b3-11ef-b2e6-3b922ebbcf8080ed.jpg]
[cdn.district.in/movies-assets/images/cinema/ayes-b149ac00-ecb0-11f0-92d4-6704a536056d80ed.jpg]
[cdn.district.in/movies-assets/images/cinema/DeepikaAm-9920b320-3e32-11f1-840e-63804c65ce2580ed.jpg]
[cdn.district.in/movies-assets/images/cinema/pati-patni-836253d0-4dd8-11f1-8e7f-fbb23a16ea96123f.jpg]
[www.district.in/movies/pati-patni-aur-woh-do-movie-tickets-MV186836.html]
[cdn.district.in/movies-assets/images/cinema/karupuu-4dd30580-13cb-11f1-8f4c-69b6b3cbdc027f4e.jpg]
[cdn.district.in/movies-assets/images/cinema/karupuu-4dd30580-13cb-11f1-8f4c-69b6b3cbdc020124.jpg]
[cdn.district.in/movies-assets/images/cinema/Karuppu-1d0a67f0-4854-11f1-aa5f-7174a7d9c3c2bb36.jpg]
[cdn.district.in/movies-assets/images/cinema/Suriua-590f7ac0-de75-11ed-bea3-ef4efacaa43780ed.jpg]
[cdn.district.in/movies-assets/images/cinema/trisha-15191e80-e414-11ed-8b83-8735af6d695b80ed.jpg]
[cdn.district.in/movies-assets/images/cinema/swasika-vijay-32eb6900-551b-11ed-9289-61d8da1a567780ed.jpg]
[cdn.district.in/movies-assets/images/cinema/Indrans-3f887f20-cbf9-11ef-a259-4b3c6d26f4a980ed.jpg]
[cdn.district.in/movies-assets/images/cinema/AnaghaRavi-ae81abd0-0705-11f0-941d-f3b9ed228d8c80ed.jpg]
[cdn.district.in/movies-assets/images/cinema/supreet-fa9899c0-58c1-11ec-a8ed-2343b1e7f94180ed.jpg]
[cdn.district.in/movies-assets/images/cinema/Natty Subramaniam-4d630e00-13bd-11f1-ad67-8befa77d209d80ed.jpg]
[cdn.district.in/movies-assets/images/cinema/George Mariyan-dfd78680-b0ad-11f0-8a8e-331e7d8faabd80ed.jpg]
[cdn.district.in/movies-assets/images/cinema/RjBalaji_kuebkw-c50d7970-aaf8-11ee-b2b0-6b4432b0a5cd80ed.jpg]
[cdn.district.in/movies-assets/images/cinema/Karuppu-cover-6e8a0320-67b7-11f0-b49e-0daac2dae3b7.jpg]
[cdn.district.in/movies-assets/images/cinema/Karuppu-cover--3e431ab0-13cb-11f1-8c32-a5338e06444d.jpg]
[cdn.district.in/movies-assets/images/cinema/Karuppu-cover-64e37630-67b7-11f0-b49e-0daac2dae3b7.jpg]
[cdn.district.in/movies-assets/images/cinema/karpuppu-Gallery-3f5163a0-67b7-11f0-b49e-0daac2dae3b7123f.jpg]
[www.district.in/movies/karuppu-movie-tickets-MV200421.html]
[cdn.district.in/movies-assets/images/cinema/Athiradi_Horizontal_Poster2-318bc640-36f4-11f1-ad5d-df8c1aec5c9a7f4e.jpg]
[cdn.district.in/movies-assets/images/cinema/Athiradi_Horizontal_Poster2-318bc640-36f4-11f1-ad5d-df8c1aec5c9a0124.jpg]
[cdn.district.in/movies-assets/images/cinema/Athiradi_Poster-2e236df0-36f4-11f1-ad5d-df8c1aec5c9a-3cf0b920-4cfa-11f1-8799-755d749806eebb36.jpg]
[cdn.district.in/movies-assets/images/cinema/tovino-thomas-1024f530-c11b-11ef-8894-edd289cbd28d80ed.jpg]
[cdn.district.in/movies-assets/images/cinema/Basil-2c5dd480-551e-11ed-8e91-e3add8fd611d80ed.jpg]
[cdn.district.in/movies-assets/images/cinema/VINEETH-SREENIVASAN-40320360-7f89-11ed-bf27-a3e7fc56533c80ed.jpg]
[cdn.district.in/movies-assets/images/cinema/Darshana-Rajendran-4da0ff50-551e-11ed-b32d-9114ede53b3280ed.jpg]
[cdn.district.in/movies-assets/images/cinema/zarings-c4a4d420-b31f-11f0-adbc-0507ef2ed69280ed.jpg]
[cdn.district.in/movies-assets/images/cinema/riya-shibu-20241203154226-60149-59e3e250-4dcc-11f1-9d00-63097e6b54f980ed.jpg]
[cdn.district.in/movies-assets/images/cinema/Arun Anirudhan-d4876960-4dcb-11f1-9d00-63097e6b54f980ed.jpg]
[cdn.district.in/movies-assets/images/cinema/Athiradi_Cover-4397fbb0-36f4-11f1-ad5d-df8c1aec5c9a.jpg]
[cdn.district.in/movies-assets/images/cinema/1_Athiradi_Gallery-b0973d70-37c6-11f1-840e-63804c65ce25123f.jpg]
[cdn.district.in/movies-assets/images/cinema/3_Athiradi_Gallery-b4198660-37c6-11f1-840e-63804c65ce25123f.jpg]
[cdn.district.in/movies-assets/images/cinema/2_Athiradi_Gallery-b1b88bf0-37c6-11f1-840e-63804c65ce25123f.jpg]
[cdn.district.in/movies-assets/images/cinema/4_Athiradi_Gallery-b6aefe50-37c6-11f1-840e-63804c65ce25123f.jpg]
[cdn.district.in/movies-assets/images/cinema/Athiradi_Gallery-371cf200-36f4-11f1-ad5d-df8c1aec5c9a123f.jpg]
[cdn.district.in/movies-assets/images/cinema/Athiradi_Gallery-baaa6ee0-37c6-11f1-840e-63804c65ce25123f.jpg]
[cdn.district.in/movies-assets/images/cinema/3_Athiradi_Gallery-b4198660-37c6-11f1-840e-63804c65ce25.jpg]
[cdn.district.in/movies-assets/images/cinema/2_Athiradi_Gallery-b1b88bf0-37c6-11f1-840e-63804c65ce25.jpg]
[cdn.district.in/movies-assets/images/cinema/4_Athiradi_Gallery-b6aefe50-37c6-11f1-840e-63804c65ce25.jpg]
[cdn.district.in/movies-assets/images/cinema/Athiradi_Gallery-371cf200-36f4-11f1-ad5d-df8c1aec5c9a.jpg]
[www.district.in/movies/athiradi-movie-tickets-MV208195.html]
[cdn.district.in/movies-assets/images/cinema/Hokum_Horizontal_Poster2-cc0b8340-251a-11f1-bcdd-854d45f22b337f4e.jpg]
[cdn.district.in/movies-assets/images/cinema/Hokum_Horizontal_Poster2-cc0b8340-251a-11f1-bcdd-854d45f22b330124.jpg]
[cdn.district.in/movies-assets/images/cinema/Hokum-a7fa72e0-34a6-11f1-9878-85a358c9e1d1bb36.jpg]
[cdn.district.in/movies-assets/images/cinema/AdamScott-e456b0a0-251a-11f1-9e04-b7c843c0459980ed.jpg]
[cdn.district.in/movies-assets/images/cinema/PeterCoonan-2c77cef0-251b-11f1-9971-8f904efccec580ed.jpg]
[cdn.district.in/movies-assets/images/cinema/Hokum_Gallery-d0277420-251a-11f1-a1a4-737ae27a854b123f.jpg]
[www.district.in/movies/hokum-movie-tickets-MV217349.html]
[www.district.in/movies/war-of-shera-movie-tickets-MV202936.html]
[www.district.in/movies/iiz-indian-institute-of-zombies-movie-tickets-MV219534.html]
[www.district.in/movies/aakhri-sawal-movie-tickets-MV217285.html]
[www.district.in/movies/iron-maiden-burning-ambition-movie-tickets-MV218968.html]
[www.district.in/movies/saptadingar-guptodhon-movie-tickets-MV217284.html]
[www.district.in/movies/krishnavataram-part-1-the-heart-hridayam-movie-tickets-MV219513.html]
[www.district.in/movies/bhooth-bangla-movie-tickets-MV177766.html]
[www.district.in/movies/michael-movie-tickets-MV185320.html]
[www.district.in/movies/the-devil-wears-prada-2-movie-tickets-MV207233.html]
[www.district.in/movies/dhurandhar-the-revenge-movie-tickets-MV211577.html]
[www.district.in/movies/daadi-ki-shaadi-movie-tickets-MV217282.html]
[www.district.in/movies/mortal-kombat-ii-movie-tickets-MV171960.html]
[www.district.in/movies/lee-cronin-s-the-mummy-movie-tickets-MV213285.html]
[www.district.in/movies/billie-eilish-hit-me-hard-and-soft-the-tour-live-in-3d-movie-tickets-MV217308.html]
[www.district.in/movies/raja-shivaji-movie-tickets-MV170361.html]
[www.district.in/movies/the-sheep-detectives-movie-tickets-MV212070.html]
[www.district.in/movies/project-hail-mary-movie-tickets-MV200953.html]
[www.district.in/movies/licence-movie-tickets-MV218470.html]
[www.district.in/movies/ek-din-movie-tickets-MV201930.html]
[www.district.in/movies/top-gun-maverick-2022-movie-tickets-MV134119.html]
[www.district.in/movies/top-gun-1986-movie-tickets-MV220226.html]
[www.district.in/movies/jawaak-movie-tickets-MV212561.html]
[www.district.in/movies/main-actor-nahin-hoon-movie-tickets-MV218218.html]
[www.district.in/movies/dev-d-2009-movie-tickets-MV219070.html]
[www.district.in/movies/pitt-siyapa-movie-tickets-MV217943.html]
[www.district.in/movies/hoppers-movie-tickets-MV178243.html]
[www.district.in/movies/rabb-da-radio-3-movie-tickets-MV145105.html]
[www.district.in/movies/zootopia-2-2025-movie-tickets-MV177299.html]
[www.district.in/movies/pati-patni-aur-woh-2019-movie-tickets-MV134908.html]
[www.district.in/movies/dug-dug-movie-tickets-MV173251.html]
[www.district.in/movies/patriot-movie-tickets-MV207412.html]
[www.district.in/movies/dacoit-movie-tickets-MV169188.html]
[www.district.in/movies/mantra-muugdha-movie-tickets-MV218962.html]
[www.district.in/movies/the-super-mario-galaxy-movie-movie-tickets-MV206127.html]
[www.district.in/movies/veerabhadrudu-movie-tickets-MV218483.html]
[www.district.in/movies/godari-gattupaina-movie-tickets-MV219475.html]
[www.district.in/movies/drishyam-3-malayalam-movie-tickets-MV200342.html]
[www.district.in/movies/kd-movie-tickets-MV157420.html]
[www.district.in/movies/rakshasapuram-movie-tickets-MV221730.html]
[www.district.in/movies/dhabkaaro-movie-tickets-MV218045.html]
[www.district.in/movies/kara-movie-tickets-MV213475.html]
[www.district.in/movies/dharpakad-movie-tickets-MV219653.html]
[www.district.in/movies/sattendru-maarudhu-vaanilai-movie-tickets-MV217496.html]
[www.district.in/movies/dridam-movie-tickets-MV218439.html]
[www.district.in/movies/krishna-2008-movie-tickets-MV221025.html]
[www.district.in/movies/mr-work-from-home-movie-tickets-MV215840.html]
[www.district.in/movies/29-movie-tickets-MV219989.html]
[www.district.in/movies/dooradarshini-movie-tickets-MV221906.html]
[www.district.in/movies/ninnu-kori-2017-movie-tickets-MV6.html]
[www.district.in/movies/baapya-movie-tickets-MV217114.html]
[www.district.in/movies/vaanki-chuki-love-story-movie-tickets-MV216668.html]
[www.district.in/movies/bhooth-bangla-movie-tickets-in-delhi-ncr-MV177766.html]
[www.district.in/movies/the-super-mario-galaxy-movie-movie-tickets-in-delhi-ncr-MV206127.html]
[www.district.in/movies/dacoit-movie-tickets-in-delhi-ncr-MV169188.html]
[www.district.in/movies/pitt-siyapa-movie-tickets-in-delhi-ncr-MV217943.html]
[www.district.in/movies/dhurandhar-the-revenge-movie-tickets-in-delhi-ncr-MV211577.html]
[www.district.in/movies/top-gun-maverick-2022-movie-tickets-in-delhi-ncr-MV134119.html]
[www.district.in/movies/mantra-muugdha-movie-tickets-in-delhi-ncr-MV218962.html]
[www.district.in/movies/dridam-movie-tickets-in-delhi-ncr-MV218439.html]
[www.district.in/movies/phool-khilal-anganva-mein-movie-tickets-in-delhi-ncr-MV221413.html]
[www.district.in/movies/hoppers-movie-tickets-in-delhi-ncr-MV178243.html]
[www.district.in/movies/krishnavataram-part-1-the-heart-hridayam-movie-tickets-in-delhi-ncr-MV219513.html]
[www.district.in/movies/michael-movie-tickets-in-delhi-ncr-MV185320.html]
[www.district.in/movies/war-of-shera-movie-tickets-in-delhi-ncr-MV202936.html]
[www.district.in/movies/iiz-indian-institute-of-zombies-movie-tickets-in-delhi-ncr-MV219534.html]
[www.district.in/movies/pati-patni-aur-woh-2019-movie-tickets-in-delhi-ncr-MV134908.html]
[www.district.in/movies/patriot-movie-tickets-in-delhi-ncr-MV207412.html]
[www.district.in/movies/akhanda-2-thaandavam-2025-movie-tickets-in-delhi-ncr-MV179673.html]
[www.district.in/movies/athiradi-movie-tickets-in-delhi-ncr-MV208195.html]
[www.district.in/movies/daadi-ki-shaadi-movie-tickets-in-delhi-ncr-MV217282.html]
[www.district.in/movies/mortal-kombat-ii-movie-tickets-in-delhi-ncr-MV171960.html]
[www.district.in/movies/top-gun-maverick-2022-movie-tickets-in-chennai-MV134119.html]
[www.district.in/movies/raja-shivaji-movie-tickets-in-chennai-MV170361.html]
[www.district.in/movies/mortal-kombat-ii-movie-tickets-in-chennai-MV171960.html]
[www.district.in/movies/lik-love-insurance-kompany-movie-tickets-in-chennai-MV177390.html]
[www.district.in/movies/bhooth-bangla-movie-tickets-in-chennai-MV177766.html]
[www.district.in/movies/hoppers-movie-tickets-in-chennai-MV178243.html]
[www.district.in/movies/michael-movie-tickets-in-chennai-MV185320.html]
[www.district.in/movies/pati-patni-aur-woh-do-movie-tickets-in-chennai-MV186836.html]
[www.district.in/movies/karuppu-movie-tickets-in-chennai-MV200421.html]
[www.district.in/movies/project-hail-mary-movie-tickets-in-chennai-MV200953.html]
[www.district.in/movies/ek-din-movie-tickets-in-chennai-MV201930.html]
[www.district.in/movies/the-super-mario-galaxy-movie-movie-tickets-in-chennai-MV206127.html]
[www.district.in/movies/the-devil-wears-prada-2-movie-tickets-in-chennai-MV207233.html]
[www.district.in/movies/patriot-movie-tickets-in-chennai-MV207412.html]
[www.district.in/movies/athiradi-movie-tickets-in-chennai-MV208195.html]
[www.district.in/movies/dhurandhar-the-revenge-movie-tickets-in-chennai-MV211577.html]
[www.district.in/movies/the-sheep-detectives-movie-tickets-in-chennai-MV212070.html]
[www.district.in/movies/lee-cronin-s-the-mummy-movie-tickets-in-chennai-MV213285.html]
[www.district.in/movies/kara-movie-tickets-in-chennai-MV213475.html]
[www.district.in/movies/daadi-ki-shaadi-movie-tickets-in-chennai-MV217282.html]
[www.district.in/movies/top-gun-maverick-2022-movie-tickets-in-bengaluru-MV134119.html]
[www.district.in/movies/kd-movie-tickets-in-bengaluru-MV157420.html]
[www.district.in/movies/raja-shivaji-movie-tickets-in-bengaluru-MV170361.html]
[www.district.in/movies/mortal-kombat-ii-movie-tickets-in-bengaluru-MV171960.html]
[www.district.in/movies/bhooth-bangla-movie-tickets-in-bengaluru-MV177766.html]
[www.district.in/movies/hoppers-movie-tickets-in-bengaluru-MV178243.html]
[www.district.in/movies/michael-movie-tickets-in-bengaluru-MV185320.html]
[www.district.in/movies/pati-patni-aur-woh-do-movie-tickets-in-bengaluru-MV186836.html]
[www.district.in/movies/drishyam-3-malayalam-movie-tickets-in-bengaluru-MV200342.html]
[www.district.in/movies/karuppu-movie-tickets-in-bengaluru-MV200421.html]
[www.district.in/movies/project-hail-mary-movie-tickets-in-bengaluru-MV200953.html]
[www.district.in/movies/ek-din-movie-tickets-in-bengaluru-MV201930.html]
[www.district.in/movies/the-super-mario-galaxy-movie-movie-tickets-in-bengaluru-MV206127.html]
[www.district.in/movies/the-devil-wears-prada-2-movie-tickets-in-bengaluru-MV207233.html]
[www.district.in/movies/patriot-movie-tickets-in-bengaluru-MV207412.html]
[www.district.in/movies/athiradi-movie-tickets-in-bengaluru-MV208195.html]
[www.district.in/movies/dhurandhar-the-revenge-movie-tickets-in-bengaluru-MV211577.html]
[www.district.in/movies/the-sheep-detectives-movie-tickets-in-bengaluru-MV212070.html]
[www.district.in/movies/lee-cronin-s-the-mummy-movie-tickets-in-bengaluru-MV213285.html]
[www.district.in/movies/kara-movie-tickets-in-bengaluru-MV213475.html]
[www.district.in/movies/kd-movie-tickets-in-hyderabad-MV157420.html]
[www.district.in/movies/raja-shivaji-movie-tickets-in-hyderabad-MV170361.html]
[www.district.in/movies/mortal-kombat-ii-movie-tickets-in-hyderabad-MV171960.html]
[www.district.in/movies/zootopia-2-2025-movie-tickets-in-hyderabad-MV177299.html]
[www.district.in/movies/bhooth-bangla-movie-tickets-in-hyderabad-MV177766.html]
[www.district.in/movies/hoppers-movie-tickets-in-hyderabad-MV178243.html]
[www.district.in/movies/michael-movie-tickets-in-hyderabad-MV185320.html]
[www.district.in/movies/pati-patni-aur-woh-do-movie-tickets-in-hyderabad-MV186836.html]
[www.district.in/movies/demon-slayer-kimetsu-no-yaiba-infinity-castle-2025-movie-tickets-in-hyderabad-MV191860.html]
[www.district.in/movies/karuppu-movie-tickets-in-hyderabad-MV200421.html]
[www.district.in/movies/project-hail-mary-movie-tickets-in-hyderabad-MV200953.html]
[www.district.in/movies/sathi-leelavathi-movie-tickets-in-hyderabad-MV203523.html]
[www.district.in/movies/m4m-motive-for-murder-movie-tickets-in-hyderabad-MV205381.html]
[www.district.in/movies/the-super-mario-galaxy-movie-movie-tickets-in-hyderabad-MV206127.html]
[www.district.in/movies/the-devil-wears-prada-2-movie-tickets-in-hyderabad-MV207233.html]
[www.district.in/movies/patriot-movie-tickets-in-hyderabad-MV207412.html]
[www.district.in/movies/athiradi-movie-tickets-in-hyderabad-MV208195.html]
[www.district.in/movies/dhurandhar-the-revenge-movie-tickets-in-hyderabad-MV211577.html]
[www.district.in/movies/the-sheep-detectives-movie-tickets-in-hyderabad-MV212070.html]
[www.district.in/movies/lee-cronin-s-the-mummy-movie-tickets-in-hyderabad-MV213285.html]
[www.district.in/movies/top-gun-maverick-2022-movie-tickets-in-mumbai-MV134119.html]
[www.district.in/movies/raja-shivaji-movie-tickets-in-mumbai-MV170361.html]
[www.district.in/movies/mortal-kombat-ii-movie-tickets-in-mumbai-MV171960.html]
[www.district.in/movies/dug-dug-movie-tickets-in-mumbai-MV173251.html]
[www.district.in/movies/bhooth-bangla-movie-tickets-in-mumbai-MV177766.html]
[www.district.in/movies/hoppers-movie-tickets-in-mumbai-MV178243.html]
[www.district.in/movies/michael-movie-tickets-in-mumbai-MV185320.html]
[www.district.in/movies/pati-patni-aur-woh-do-movie-tickets-in-mumbai-MV186836.html]
[www.district.in/movies/karuppu-movie-tickets-in-mumbai-MV200421.html]
[www.district.in/movies/project-hail-mary-movie-tickets-in-mumbai-MV200953.html]
[www.district.in/movies/ek-din-movie-tickets-in-mumbai-MV201930.html]
[www.district.in/movies/war-of-shera-movie-tickets-in-mumbai-MV202936.html]
[www.district.in/movies/the-super-mario-galaxy-movie-movie-tickets-in-mumbai-MV206127.html]
[www.district.in/movies/the-devil-wears-prada-2-movie-tickets-in-mumbai-MV207233.html]
[www.district.in/movies/patriot-movie-tickets-in-mumbai-MV207412.html]
[www.district.in/movies/athiradi-movie-tickets-in-mumbai-MV208195.html]
[www.district.in/movies/dhurandhar-the-revenge-movie-tickets-in-mumbai-MV211577.html]
[www.district.in/movies/the-drama-movie-tickets-in-mumbai-MV211828.html]
[www.district.in/movies/the-sheep-detectives-movie-tickets-in-mumbai-MV212070.html]
[www.district.in/movies/pujya-bapji-dada-maun-sangeet-movie-tickets-in-mumbai-MV213174.html]
[www.district.in/movies/top-gun-maverick-2022-movie-tickets-in-jaipur-MV134119.html]
[www.district.in/movies/raja-shivaji-movie-tickets-in-jaipur-MV170361.html]
[www.district.in/movies/mortal-kombat-ii-movie-tickets-in-jaipur-MV171960.html]
[www.district.in/movies/dug-dug-movie-tickets-in-jaipur-MV173251.html]
[www.district.in/movies/bhooth-bangla-movie-tickets-in-jaipur-MV177766.html]
[www.district.in/movies/hoppers-movie-tickets-in-jaipur-MV178243.html]
[www.district.in/movies/michael-movie-tickets-in-jaipur-MV185320.html]
[www.district.in/movies/pati-patni-aur-woh-do-movie-tickets-in-jaipur-MV186836.html]
[www.district.in/movies/karuppu-movie-tickets-in-jaipur-MV200421.html]
[www.district.in/movies/project-hail-mary-movie-tickets-in-jaipur-MV200953.html]
[www.district.in/movies/ek-din-movie-tickets-in-jaipur-MV201930.html]
[www.district.in/movies/war-of-shera-movie-tickets-in-jaipur-MV202936.html]
[www.district.in/movies/the-super-mario-galaxy-movie-movie-tickets-in-jaipur-MV206127.html]
[www.district.in/movies/the-devil-wears-prada-2-movie-tickets-in-jaipur-MV207233.html]
[www.district.in/movies/athiradi-movie-tickets-in-jaipur-MV208195.html]
[www.district.in/movies/dhurandhar-the-revenge-movie-tickets-in-jaipur-MV211577.html]
[www.district.in/movies/the-sheep-detectives-movie-tickets-in-jaipur-MV212070.html]
[www.district.in/movies/lee-cronin-s-the-mummy-movie-tickets-in-jaipur-MV213285.html]
[www.district.in/movies/daadi-ki-shaadi-movie-tickets-in-jaipur-MV217282.html]
[www.district.in/movies/aakhri-sawal-movie-tickets-in-jaipur-MV217285.html]
[www.district.in/movies/raja-shivaji-movie-tickets-in-pune-MV170361.html]
[www.district.in/movies/mortal-kombat-ii-movie-tickets-in-pune-MV171960.html]
[www.district.in/movies/dug-dug-movie-tickets-in-pune-MV173251.html]
[www.district.in/movies/bhooth-bangla-movie-tickets-in-pune-MV177766.html]
[www.district.in/movies/hoppers-movie-tickets-in-pune-MV178243.html]
[www.district.in/movies/michael-movie-tickets-in-pune-MV185320.html]
[www.district.in/movies/pati-patni-aur-woh-do-movie-tickets-in-pune-MV186836.html]
[www.district.in/movies/karuppu-movie-tickets-in-pune-MV200421.html]
[www.district.in/movies/project-hail-mary-movie-tickets-in-pune-MV200953.html]
[www.district.in/movies/ek-din-movie-tickets-in-pune-MV201930.html]
[www.district.in/movies/war-of-shera-movie-tickets-in-pune-MV202936.html]
[www.district.in/movies/the-super-mario-galaxy-movie-movie-tickets-in-pune-MV206127.html]
[www.district.in/movies/the-devil-wears-prada-2-movie-tickets-in-pune-MV207233.html]
[www.district.in/movies/athiradi-movie-tickets-in-pune-MV208195.html]
[www.district.in/movies/dhurandhar-the-revenge-movie-tickets-in-pune-MV211577.html]
[www.district.in/movies/the-drama-movie-tickets-in-pune-MV211828.html]
[www.district.in/movies/the-sheep-detectives-movie-tickets-in-pune-MV212070.html]
[www.district.in/movies/lee-cronin-s-the-mummy-movie-tickets-in-pune-MV213285.html]
[www.district.in/movies/super-duperr-movie-tickets-in-pune-MV215398.html]
[www.district.in/movies/baapya-movie-tickets-in-pune-MV217114.html]
[www.district.in/movies/top-gun-maverick-2022-movie-tickets-in-lucknow-MV134119.html]
[www.district.in/movies/kanjoos-makhichoos-2023-movie-tickets-in-lucknow-MV160948.html]
[www.district.in/movies/avatar-fire-and-ash-2025-movie-tickets-in-lucknow-MV165236.html]
[www.district.in/movies/raja-shivaji-movie-tickets-in-lucknow-MV170361.html]
[www.district.in/movies/mortal-kombat-ii-movie-tickets-in-lucknow-MV171960.html]
[www.district.in/movies/bhooth-bangla-movie-tickets-in-lucknow-MV177766.html]
[www.district.in/movies/hoppers-movie-tickets-in-lucknow-MV178243.html]
[www.district.in/movies/michael-movie-tickets-in-lucknow-MV185320.html]
[www.district.in/movies/pati-patni-aur-woh-do-movie-tickets-in-lucknow-MV186836.html]
[www.district.in/movies/karuppu-movie-tickets-in-lucknow-MV200421.html]
[www.district.in/movies/project-hail-mary-movie-tickets-in-lucknow-MV200953.html]
[www.district.in/movies/ek-din-movie-tickets-in-lucknow-MV201930.html]
[www.district.in/movies/war-of-shera-movie-tickets-in-lucknow-MV202936.html]
[www.district.in/movies/the-super-mario-galaxy-movie-movie-tickets-in-lucknow-MV206127.html]
[www.district.in/movies/the-devil-wears-prada-2-movie-tickets-in-lucknow-MV207233.html]
[www.district.in/movies/athiradi-movie-tickets-in-lucknow-MV208195.html]
[www.district.in/movies/dhurandhar-the-revenge-movie-tickets-in-lucknow-MV211577.html]
[www.district.in/movies/the-sheep-detectives-movie-tickets-in-lucknow-MV212070.html]
[www.district.in/movies/lee-cronin-s-the-mummy-movie-tickets-in-lucknow-MV213285.html]
[www.district.in/movies/daadi-ki-shaadi-movie-tickets-in-lucknow-MV217282.html]
[www.district.in/movies/kd-movie-tickets-in-vizag-MV157420.html]
[www.district.in/movies/the-sheep-detectives-movie-tickets-in-vizag-MV212070.html]
[www.district.in/movies/karuppu-movie-tickets-in-vizag-MV200421.html]
[www.district.in/movies/jetlee-movie-tickets-in-vizag-MV213451.html]
[www.district.in/movies/krishnavataram-part-1-the-heart-hridayam-movie-tickets-in-vizag-MV219513.html]
[www.district.in/movies/musalodiki-dasara-pandaga-movie-tickets-in-vizag-MV222000.html]
[www.district.in/movies/michael-movie-tickets-in-vizag-MV185320.html]
[www.district.in/movies/mortal-kombat-ii-movie-tickets-in-vizag-MV171960.html]
[www.district.in/movies/sathi-leelavathi-movie-tickets-in-vizag-MV203523.html]
[www.district.in/movies/project-hail-mary-movie-tickets-in-vizag-MV200953.html]
[www.district.in/movies/raja-shivaji-movie-tickets-in-vizag-MV170361.html]
[www.district.in/movies/godari-gattupaina-movie-tickets-in-vizag-MV219475.html]
[www.district.in/movies/top-gun-maverick-2022-movie-tickets-in-vizag-MV134119.html]
[www.district.in/movies/m4m-motive-for-murder-movie-tickets-in-vizag-MV205381.html]
[www.district.in/movies/kara-movie-tickets-in-vizag-MV213475.html]
[www.district.in/movies/razor-movie-tickets-in-vizag-MV220055.html]
[www.district.in/movies/bhooth-bangla-movie-tickets-in-vizag-MV177766.html]
[www.district.in/movies/athiradi-movie-tickets-in-vizag-MV208195.html]
[www.district.in/movies/lee-cronin-s-the-mummy-movie-tickets-in-vizag-MV213285.html]
[www.district.in/movies/harudu-movie-tickets-in-vizag-MV218969.html]
[www.district.in/movies/rakshasapuram-movie-tickets-in-guntur-MV221730.html]
[www.district.in/movies/krishna-2008-movie-tickets-in-guntur-MV221025.html]
[www.district.in/movies/chivari-prashna-movie-tickets-in-guntur-MV222001.html]
[www.district.in/movies/krishnavataram-part-1-the-heart-hridayam-movie-tickets-in-guntur-MV219513.html]
[www.district.in/movies/razor-movie-tickets-in-guntur-MV220055.html]
[www.district.in/movies/dooradarshini-movie-tickets-in-guntur-MV221906.html]
[www.district.in/movies/the-sheep-detectives-movie-tickets-in-guntur-MV212070.html]
[www.district.in/movies/karuppu-movie-tickets-in-guntur-MV200421.html]
[www.district.in/movies/veerabhadrudu-movie-tickets-in-guntur-MV218483.html]
[www.district.in/movies/kara-movie-tickets-in-guntur-MV213475.html]
[www.district.in/movies/mortal-kombat-ii-movie-tickets-in-guntur-MV171960.html]
[www.district.in/movies/keerthi-m-b-b-s-m-s-movie-tickets-in-guntur-MV221112.html]
[www.district.in/movies/sathi-leelavathi-movie-tickets-in-guntur-MV203523.html]
[www.district.in/movies/musalodiki-dasara-pandaga-movie-tickets-in-guntur-MV222000.html]
[www.district.in/movies/bhooth-bangla-movie-tickets-in-guntur-MV177766.html]
[www.district.in/movies/jetlee-movie-tickets-in-guntur-MV213451.html]
[www.district.in/movies/godari-gattupaina-movie-tickets-in-guntur-MV219475.html]
[www.district.in/movies/michael-movie-tickets-in-guntur-MV185320.html]
[www.district.in/movies/top-gun-maverick-2022-movie-tickets-in-guntur-MV134119.html]
[www.district.in/movies/mr-work-from-home-movie-tickets-in-guntur-MV215840.html]
[www.district.in/movies/mumbai-movie-tickets.html]
[www.district.in/movies/delhi-ncr-movie-tickets.html]
[www.district.in/movies/bengaluru-movie-tickets.html]
[www.district.in/movies/hyderabad-movie-tickets.html]
[www.district.in/movies/chennai-movie-tickets.html]
[www.district.in/movies/pune-movie-tickets.html]
[www.district.in/movies/kolkata-movie-tickets.html]
[www.district.in/movies/ahmedabad-movie-tickets.html]
[www.district.in/movies/jaipur-movie-tickets.html]
[www.district.in/movies/lucknow-movie-tickets.html]
[www.district.in/movies/indore-movie-tickets.html]
[www.district.in/movies/vizag-movie-tickets.html]
[www.district.in/movies/guntur-movie-tickets.html]
[www.district.in/movies/vijayawada-movie-tickets.html]
[www.district.in/movies/nellore-movie-tickets.html]
[www.district.in/movies/anantapur-movie-tickets.html]
[www.district.in/movies/kurnool-movie-tickets.html]
[www.district.in/movies/kakinada-movie-tickets.html]
[www.district.in/movies/surat-movie-tickets.html]
[www.district.in/movies/sathi-leelavathi-movie-tickets-MV203523.html]
[www.district.in/movies/bgs-hostel-movie-tickets-MV221121.html]
[www.district.in/movies/day-11-movie-tickets-MV221079.html]
[www.district.in/movies/ganga-muni-3-2015-movie-tickets-MV220039.html]
[www.district.in/movies/behrupiyo-movie-tickets-MV215749.html]
[www.district.in/movies/bhuter-prem-movie-tickets-MV217597.html]
[www.district.in/movies/the-last-tale-of-kayenaat-2016-movie-tickets-MV152600.html]
[www.district.in/movies/action-movies-near-me.html]
[www.district.in/movies/comedy-movies-near-me.html]
[www.district.in/movies/romance-movies-near-me.html]
[www.district.in/movies/thriller-movies-near-me.html]
[www.district.in/movies/drama-movies-near-me.html]
[www.district.in/movies/adventure-movies-near-me.html]
[www.district.in/movies/horror-movies-near-me.html]
[www.district.in/movies/action-movies-in-delhi-ncr.html]
[www.district.in/movies/comedy-movies-in-delhi-ncr.html]
[www.district.in/movies/romance-movies-in-delhi-ncr.html]
[www.district.in/movies/thriller-movies-in-delhi-ncr.html]
[www.district.in/movies/drama-movies-in-delhi-ncr.html]
[www.district.in/movies/adventure-movies-in-delhi-ncr.html]
[www.district.in/movies/horror-movies-in-delhi-ncr.html]
[www.district.in/movies/comedy-movies-in-chennai.html]
[www.district.in/movies/romance-movies-in-chennai.html]
[www.district.in/movies/thriller-movies-in-chennai.html]
[www.district.in/movies/action-movies-in-chennai.html]
[www.district.in/movies/drama-movies-in-chennai.html]
[www.district.in/movies/adventure-movies-in-chennai.html]
[www.district.in/movies/horror-movies-in-chennai.html]
[www.district.in/movies/horror-movies-in-bengaluru.html]
[www.district.in/movies/action-movies-in-bengaluru.html]
[www.district.in/movies/comedy-movies-in-bengaluru.html]
[www.district.in/movies/romance-movies-in-bengaluru.html]
[www.district.in/movies/thriller-movies-in-bengaluru.html]
[www.district.in/movies/drama-movies-in-bengaluru.html]
[www.district.in/movies/adventure-movies-in-bengaluru.html]
[www.district.in/movies/romance-movies-in-hyderabad.html]
[www.district.in/movies/action-movies-in-hyderabad.html]
[www.district.in/movies/comedy-movies-in-hyderabad.html]
[www.district.in/movies/thriller-movies-in-hyderabad.html]
[www.district.in/movies/horror-movies-in-hyderabad.html]
[www.district.in/movies/adventure-movies-in-hyderabad.html]
[www.district.in/movies/drama-movies-in-hyderabad.html]
[www.district.in/movies/action-movies-in-mumbai.html]
[www.district.in/movies/comedy-movies-in-mumbai.html]
[www.district.in/movies/romance-movies-in-mumbai.html]
[www.district.in/movies/horror-movies-in-mumbai.html]
[www.district.in/movies/drama-movies-in-mumbai.html]
[www.district.in/movies/adventure-movies-in-mumbai.html]
[www.district.in/movies/thriller-movies-in-mumbai.html]
[www.district.in/movies/action-movies-in-kolkata.html]
[www.district.in/movies/comedy-movies-in-kolkata.html]
[www.district.in/movies/romance-movies-in-kolkata.html]
[www.district.in/movies/thriller-movies-in-kolkata.html]
[www.district.in/movies/drama-movies-in-kolkata.html]
[www.district.in/movies/adventure-movies-in-kolkata.html]
[www.district.in/movies/horror-movies-in-kolkata.html]
[www.district.in/movies/comedy-movies-in-jaipur.html]
[www.district.in/movies/romance-movies-in-jaipur.html]
[www.district.in/movies/action-movies-in-jaipur.html]
[www.district.in/movies/thriller-movies-in-jaipur.html]
[www.district.in/movies/adventure-movies-in-jaipur.html]
[www.district.in/movies/horror-movies-in-jaipur.html]
[www.district.in/movies/drama-movies-in-jaipur.html]
[www.district.in/movies/thriller-movies-in-indore.html]
[www.district.in/movies/drama-movies-in-indore.html]
[www.district.in/movies/action-movies-in-indore.html]
[www.district.in/movies/comedy-movies-in-indore.html]
[www.district.in/movies/romance-movies-in-indore.html]
[www.district.in/movies/adventure-movies-in-indore.html]
[www.district.in/movies/horror-movies-in-indore.html]
[www.district.in/movies/action-movies-in-guntur.html]
[www.district.in/movies/horror-movies-in-guntur.html]
[www.district.in/movies/comedy-movies-in-guntur.html]
[www.district.in/movies/romance-movies-in-guntur.html]
[www.district.in/movies/thriller-movies-in-guntur.html]
[www.district.in/movies/drama-movies-in-guntur.html]
[www.district.in/movies/adventure-movies-in-guntur.html]
[www.district.in/movies/romance-movies-in-vizag.html]
[www.district.in/movies/thriller-movies-in-vizag.html]
[www.district.in/movies/action-movies-in-vizag.html]
[www.district.in/movies/comedy-movies-in-vizag.html]
[www.district.in/movies/drama-movies-in-vizag.html]
[www.district.in/movies/horror-movies-in-vizag.html]
[www.district.in/movies/adventure-movies-in-vizag.html]
[www.district.in/movies/hindi-movies-tickets-in-new-delhi.html]
[www.district.in/movies/hindi-movies-tickets-in-hyderabad.html]
[www.district.in/movies/hindi-movies-tickets-in-chennai.html]
[www.district.in/movies/hindi-movies-tickets-in-bengaluru.html]
[www.district.in/movies/hindi-movies-tickets-in-mumbai.html]
[www.district.in/movies/hindi-movies-tickets-in-jaipur.html]
[www.district.in/movies/hindi-movies-tickets-in-pune.html]
[www.district.in/movies/hindi-movies-tickets-in-lucknow.html]
[www.district.in/movies/hindi-movies-tickets-in-vizag.html]
[www.district.in/movies/hindi-movies-tickets-in-guntur.html]
[www.district.in/movies/hindi-movies-tickets-in-ahmedabad.html]
[www.district.in/movies/hindi-movies-tickets-in-nellore.html]
[www.district.in/movies/hindi-movies-tickets-in-vijayawada.html]
[www.district.in/movies/hindi-movies-tickets-in-kolkata.html]
[www.district.in/movies/hindi-movies-tickets-in-indore.html]
[www.district.in/movies/telugu-movies-tickets-in-hyderabad.html]
[www.district.in/movies/telugu-movies-tickets-in-vizag.html]
[www.district.in/movies/telugu-movies-tickets-in-guntur.html]
[www.district.in/movies/telugu-movies-tickets-in-vijayawada.html]
[www.district.in/movies/telugu-movies-tickets-in-nellore.html]
[www.district.in/movies/telugu-movies-tickets-in-chennai.html]
[www.district.in/movies/telugu-movies-tickets-in-bengaluru.html]
[www.district.in/movies/telugu-movies-tickets-in-pune.html]
[www.district.in/movies/telugu-movies-tickets-in-mumbai.html]
[www.district.in/movies/telugu-movies-tickets-in-indore.html]
[www.district.in/movies/telugu-movies-tickets-in-jaipur.html]
[www.district.in/movies/telugu-movies-tickets-in-lucknow.html]
[www.district.in/movies/telugu-movies-tickets-in-new-delhi.html]
[www.district.in/movies/telugu-movies-tickets-in-ahmedabad.html]
[www.district.in/movies/tamil-movies-tickets-in-chennai.html]
[www.district.in/movies/tamil-movies-tickets-in-bengaluru.html]
[www.district.in/movies/tamil-movies-tickets-in-mumbai.html]
[www.district.in/movies/tamil-movies-tickets-in-pune.html]
[www.district.in/movies/tamil-movies-tickets-in-kolkata.html]
[www.district.in/movies/tamil-movies-tickets-in-ahmedabad.html]
[www.district.in/movies/tamil-movies-tickets-in-new-delhi.html]
[www.district.in/movies/tamil-movies-tickets-in-jaipur.html]
[www.district.in/movies/tamil-movies-tickets-in-lucknow.html]
[www.district.in/movies/tamil-movies-tickets-in-indore.html]
[www.district.in/movies/english-movies-tickets-in-mumbai.html]
[www.district.in/movies/english-movies-tickets-in-new-delhi.html]
[www.district.in/movies/english-movies-tickets-in-bengaluru.html]
[www.district.in/movies/english-movies-tickets-in-hyderabad.html]
[www.district.in/movies/english-movies-tickets-in-pune.html]
[www.district.in/movies/english-movies-tickets-in-chennai.html]
[www.district.in/movies/english-movies-tickets-in-kolkata.html]
[www.district.in/movies/english-movies-tickets-in-ahmedabad.html]
[www.district.in/movies/english-movies-tickets-in-jaipur.html]
[www.district.in/movies/english-movies-tickets-in-indore.html]
[www.district.in/movies/english-movies-tickets-in-lucknow.html]
[www.district.in/movies/punjabi-movies-tickets-in-new-delhi.html]
[www.district.in/movies/punjabi-movies-tickets-in-mumbai.html]
[www.district.in/movies/punjabi-movies-tickets-in-bengaluru.html]
[www.district.in/movies/punjabi-movies-tickets-in-pune.html]
[www.district.in/movies/punjabi-movies-tickets-in-hyderabad.html]
[www.district.in/movies/punjabi-movies-tickets-in-kolkata.html]
[www.district.in/movies/cinemas-in-new-delhi.html]
[www.district.in/movies/cinemas-in-hyderabad.html]
[www.district.in/movies/cinemas-in-chennai.html]
[www.district.in/movies/cinemas-in-bengaluru.html]
[www.district.in/movies/cinemas-in-mumbai.html]
[www.district.in/movies/cinemas-in-jaipur.html]
[www.district.in/movies/cinemas-in-pune.html]
[www.district.in/movies/cinemas-in-lucknow.html]
[www.district.in/movies/cinemas-in-vizag.html]
[www.district.in/movies/cinemas-in-guntur.html]
[www.district.in/movies/cinemas-in-ahmedabad.html]
[www.district.in/movies/cinemas-in-nellore.html]
[www.district.in/movies/cinemas-in-vijayawada.html]
[www.district.in/movies/cinemas-in-kolkata.html]
[www.district.in/movies/cinemas-in-indore.html]
[www.district.in/movies/cinemas-in-anantapur.html]
[www.district.in/movies/cinemas-in-kurnool.html]
[www.district.in/movies/cinemas-in-kakinada.html]
[www.district.in/movies/cinemas-in-trivandrum.html]
[www.district.in/movies/cinemas-in-surat.html]
[www.district.in/movies/cinemas-in-hosur.html]
[www.district.in/movies/cinemas-in-mohali.html]
[www.district.in/movies/cinemas-in-agra.html]
[www.district.in/movies/cinemas-in-kanpur.html]
[www.district.in/movies/cinemas-in-gwalior.html]
[www.district.in/movies/cinemas-in-eluru.html]
[www.district.in/movies/cinemas-in-chandigarh.html]
[www.district.in/movies/cinemas-in-ludhiana.html]
[www.district.in/movies/cinemas-in-vadodara.html]
[www.district.in/movies/cinemas-in-balasore.html]
[www.googletagmanager.com/gtm5445.html]
[www.district.in/signals/iwl.341.delayed]
[www.district.in/signals/iwl0fc5.js]
[connect.facebook.net/en_US/fbevents.js]
[www.district.in/movies/video.html]
[cdn.district.in/movies-web/_next/static/css/a341fe7779598d33.css]
[cdn.district.in/movies-web/_next/static/css/9825b2ed65e89027.css]
[cdn.district.in/movies-web/_next/static/css/62fde61de34c3f3f.css]
[cdn.district.in/movies-web/_next/static/media/moviesPBG.d183e7f1.png]
[cdn.district.in/movies-web/_next/static/css/56b1d6c51906b484.css]
[cdn.district.in/movies-web/_next/static/css/aa8c045b4202d821.css]
[cdn.district.in/movies-web/_next/static/css/7f1bac69c137431d.css]
[cdn.district.in/movies-web/_next/static/css/ce469ccc837aac0f.css]
[cdn.district.in/movies-web/_next/static/css/f989aba4f82839bd.css]
[www.district.in/movies/krishnavataram-part-1-the-heart-hridayam-movie-tickets-in--MV219513c34e.html]
[www.district.in/movies/krishnavataram-part-1-the-heart-hridayam-movie-tickets-in--MV21951305c7.html]
[www.district.in/movies/krishnavataram-part-1-the-heart-hridayam-movie-tickets-in--MV219513629f.html]
[www.district.in/movies/krishnavataram-part-1-the-heart-hridayam-movie-tickets-in--MV2195136045.html]
[www.district.in/movies/cinepolis-the-esplanade-gurugram-in-gurgaon-CD52071.html]
[www.district.in/movies/seat-layout/oszdjctgznabd5.html]
[www.district.in/movies/devgn-cinex-formerly-ny-elan-epic-gurugram-in-gurgaon-CD1029765.html]
[www.district.in/movies/inox-gurugram-ardee-mall-ardee-city-gurugram-in-gurgaon-CD1016455.html]
[www.district.in/movies/inox-aipl-joy-street-aipl-joystreet-mall-gurugram-in-gurgaon-CD1016457.html]
[www.district.in/movies/rajhans-cinemas-ocus-medley-sec-99-gurugram-in-gurgaon-CD1102256.html]
[www.district.in/movies/pvr-elan-miracle-sec-84-gurugram-in-gurgaon-CD1056359.html]
[www.district.in/movies/inox-world-mark-sector-65-gurugram-in-gurgaon-CD1016459.html]
[www.district.in/movies/wave-cinemas-gurugram-in-gurgaon-CD1039102.html]
[www.district.in/movies/pvr-elan-town-centre-sec-67-gurugram-in-gurgaon-CD1018965.html]
[www.district.in/movies/cinepolis-airia-mall-sohna-road-gurugram-in-gurgaon-CD10262.html]
[www.district.in/movies/pvr-city-centre-dlf-city-centre-mall-gurugram-in-gurgaon-CD1018939.html]
[www.district.in/movies/hdfc-millennia-pvr-mgf-gurugram-in-gurgaon-CD1019635.html]
[www.district.in/movies/inox-gurugram-sapphire-83-sapphire-mall-gurugram-in-gurgaon-CD1016458.html]
[www.district.in/movies/pvr-mega-mall-golf-course-road-gurugram-in-gurgaon-CD1019603.html]
[www.district.in/movies/moviemax-ansal-plaza-gurugram-in-gurgaon-CD1016377.html]
[www.district.in/movies/pvr-elan-mercado-sector-80-gurugram-in-gurgaon-CD1016452.html]
[www.district.in/movies/inox-sapphire-90-mall-sector-90-gurugram-in-gurgaon-CD1016456.html]
[www.district.in/movies/pepsi-pvr-ambience-ambience-mall-gurugram-in-gurgaon-CD1022302.html]
[www.district.in/movies/gurugram-pvr-directors-cut-ambience-mall-in-gurgaon-CD1025226.html]
[www.district.in/movies/pvr-pacific-d21-dwarka-new-delhi-in-gurgaon-CD1022287.html]
[www.district.in/movies/delhi-pvr-directors-cut-ambience-mall-in-gurgaon-CD1025112.html]
[www.district.in/movies/pvr-promenade-vasant-kunj-new-delhi-in-gurgaon-CD1019394.html]
[www.district.in/movies/cinepolis-unity-city-centre-dwarka-in-gurgaon-CD1102253.html]
[www.district.in/movies/pvr-vegas-dwarka-new-delhi-in-gurgaon-CD1022286.html]
[www.district.in/movies/pvr-anupam-saket-new-delhi-in-gurgaon-CD1022245.html]
[www.district.in/movies/cinepolis-janak-cinema-janakpuri-new-delhi-in-gurgaon-CD3799.html]
[www.district.in/movies/pvr-sangam-r-k-puram-new-delhi-in-gurgaon-CD1020651.html]
[www.district.in/movies/cinepolis-dlf-avenue-saket-new-delhi-in-gurgaon-CD1390.html]
[www.district.in/movies/pvr-select-city-walk-saket-new-delhi-in-gurgaon-CD1022254.html]
[www.district.in/movies/inox-janak-place-district-centre-new-delhi-in-gurgaon-CD1018956.html]
[www.district.in/movies/pvr-vikaspuri-virjanand-marg-new-delhi-in-gurgaon-CD1018964.html]
[www.district.in/movies/pvr-ecx-chanakyapuri-new-delhi-in-gurgaon-CD1022277.html]
[www.district.in/movies/pvr-pacific-subhash-nagar-new-delhi-in-gurgaon-CD1022260.html]
[www.district.in/movies/pvr-naraina-community-centre-new-delhi-in-gurgaon-CD1022249.html]
[www.district.in/movies/inox-vishal-mall-rajouri-garden-new-delhi-in-gurgaon-CD1018962.html]
[www.district.in/movies/inox-nehru-place-district-centre-new-delhi-in-gurgaon-CD1018954.html]
[www.district.in/movies/inox-patel-nagar-new-delhi-in-gurgaon-CD1018960.html]
[www.district.in/movies/pvr-pacific-mall-the-mall-of-faridabad-nit-nit-bus-stand-faridabad-in-gurgaon-CD1023790.html]
[www.district.in/movies/inox-pacific-mall-jasola-new-delhi-in-gurgaon-CD1018963.html]
[www.district.in/movies/inox-crown-interiorz-mall-delhi-mathura-road-faridabad-in-gurgaon-CD1020728.html]
[www.district.in/movies/pvr-midtown-moti-nagar-delhi-in-gurgaon-CD1102265.html]
[www.district.in/movies/inox-ef3-mall-mathura-road-faridabad-in-gurgaon-CD1020729.html]
[www.district.in/movies/pristine-mall-sec-31-faridabad-in-gurgaon-CD24792.html]
[www.district.in/movies/devgn-cinex-formerly-ny-bahadurgarh-in-gurgaon-CD1032674.html]
[www.district.in/movies/cinepolis-pacific-faridabad-in-gurgaon-CD1101471.html]
[www.district.in/movies/miraj-cinemas-eldeco-mall-faridabad-in-gurgaon-CD42640.html]
[www.district.in/movies/pvr-pebble-downtown-sector-12-faridabad-in-gurgaon-CD1020741.html]
[www.district.in/movies/inox-odeon-connaught-place-new-delhi-in-gurgaon-CD1018961.html]
[www.district.in/movies/movietime-cinemas-ram-nagar-bahadurgarh-in-gurgaon-CD1040592.html]
[www.district.in/movies/m2k-pitampura-new-delhi-in-gurgaon-CD1038832.html]
[www.district.in/movies/bhooth-bangla-movie-tickets-in--MV177766ca15.html]
[www.district.in/movies/bhooth-bangla-movie-tickets-in--MV1777660f33.html]
[www.district.in/movies/bhooth-bangla-movie-tickets-in--MV1777661057.html]
[www.district.in/movies/bhooth-bangla-movie-tickets-in--MV177766ff77.html]
[www.district.in/movies/movietime-cinemas-celebration-mall-gurugram-in-gurgaon-CD1040589.html]
[www.district.in/movies/seat-layout/v2d7iqhi7yfa1d.html]
[www.district.in/movies/rr-cinema-omaxe-gurugram-mall-sector-49-gurugram-in-gurgaon-CD26030.html]
[www.district.in/movies/1-cinema-powered-by-mukta-a2-star-mall-gurugram-in-gurgaon-CD1102270.html]
[www.district.in/movies/qla-cinemas-dremz-mall-gurugram-in-gurgaon-CD1054967.html]
[www.district.in/movies/cineport-cinemas-gurgaon-in-gurgaon-CD1013554.html]
[www.district.in/movies/miraj-cinemas-klj-square-gurugram-in-gurgaon-CD1075096.html]
[www.district.in/movies/miraj-maximum-metropollis-mall-gurugram-in-gurgaon-CD7329.html]
[www.district.in/movies/skylit-cinemas-sahara-mall-gurugram-in-gurgaon-CD1039765.html]
[www.district.in/movies/cinepolis-grand-view-high-street-gurugram-in-gurgaon-CD1067859.html]
[www.district.in/movies/inox-iris-broadways-sector-85-gurugram-in-gurgaon-CD1019227.html]
[www.district.in/movies/mad-cinemas-sector-95a-gurugram-in-gurgaon-CD1051166.html]
[www.district.in/movies/movietime-cinema-vsr-114-avenue-sec-114-gurugram-in-gurgaon-CD1102248.html]
[www.district.in/movies/miraj-cinemas-ivory-tower-subhash-nagar-in-gurgaon-CD1338.html]
[www.district.in/movies/cinepolis-savitri-complex-greater-kailash-2-new-delhi-in-gurgaon-CD1392.html]
[www.district.in/movies/inox-rcube-monad-mall-new-delhi-in-gurgaon-CD1018959.html]
[www.district.in/movies/iiz-indian-institute-of-zombies-movie-tickets-in--MV2195349a17.html]
[www.district.in/movies/iiz-indian-institute-of-zombies-movie-tickets-in--MV2195340002.html]
[www.district.in/movies/iiz-indian-institute-of-zombies-movie-tickets-in--MV219534a677.html]
[www.district.in/movies/iiz-indian-institute-of-zombies-movie-tickets-in--MV219534642a.html]
[www.district.in/movies/seat-layout/hmwjko3wjp5956.html]
[www.district.in/movies/daadi-ki-shaadi-movie-tickets-in--MV217282ed1d.html]
[www.district.in/movies/daadi-ki-shaadi-movie-tickets-in--MV2172829a0b.html]
[www.district.in/movies/daadi-ki-shaadi-movie-tickets-in--MV2172826639.html]
[www.district.in/movies/daadi-ki-shaadi-movie-tickets-in--MV2172826f2c.html]
[www.district.in/movies/seat-layout/xgrl_0j7xw3604.html]
[www.district.in/movies/wave-cinemas-raja-garden-in-gurgaon-CD1058536.html]
[www.district.in/movies/inox-insignia-at-epicuria-nehru-place-new-delhi-in-gurgaon-CD1018958.html]
[www.district.in/movies/michael-movie-tickets-in--MV1853206177.html]
[www.district.in/movies/michael-movie-tickets-in--MV185320ba08.html]
[www.district.in/movies/michael-movie-tickets-in--MV18532044a8.html]
[www.district.in/movies/michael-movie-tickets-in--MV185320876b.html]
[www.district.in/movies/seat-layout/afet6cgffg8a00.html]
[www.district.in/movies/pvr-imax-with-laser-priya-vasant-vihar-new-delhi-in-gurgaon-CD1022246.html]
[www.district.in/movies/inox-coca-cola-imax-paras-nehru-place-delhi-in-gurgaon-CD1018957.html]
[www.district.in/movies/cinepolis-pacific-nsp2-pitampura-new-delhi-in-gurgaon-CD52078.html]
[www.district.in/movies/pvr-cinemagic-unity-one-elegante-nsp-pitampura-in-gurgaon-CD1102047.html]
[www.district.in/movies/cinepolis-unity-one-mall-rohini-new-delhi-in-gurgaon-CD1337.html]
[www.district.in/movies/pvr-superplex-mall-of-india-sector-18-noida-in-gurgaon-CD1024358.html]
[www.district.in/movies/pvr-directors-cut-dlf-mall-of-india-noida-in-gurgaon-CD1058603.html]
[www.district.in/movies/wave-cinemas-noida-in-gurgaon-CD1040104.html]
[www.district.in/movies/dhurandhar-the-revenge-movie-tickets-in--MV2115771e0d.html]
[www.district.in/movies/dhurandhar-the-revenge-movie-tickets-in--MV211577cdbc.html]
[www.district.in/movies/dhurandhar-the-revenge-movie-tickets-in--MV211577ae80.html]
[www.district.in/movies/dhurandhar-the-revenge-movie-tickets-in--MV211577f4ce.html]
[www.district.in/movies/seat-layout/v833gyzof74383.html]
[www.district.in/movies/pvr-3cs-lajpat-nagar-new-delhi-in-gurgaon-CD1022268.html]
[www.district.in/movies/pvr-plaza-connaught-place-new-delhi-in-gurgaon-CD1020650.html]
[www.district.in/movies/signals/config/index.html]
[www.district.in/movies/t.html]
[www.district.in/movies/e.html]
[www.district.in/movies/signals/plugins/index.html]
[www.district.in/movies/schema.org/index.html]
[www.district.in/movies/t-2.html]
[www.district.in/movies/o.html]
[www.district.in/signals/iwl.html]
[www.district.in/signals/iwl0fc5.html]
[www.district.in/movies/n.html]
[www.district.in/movies/n-2.html]
